#-----------------------------------------------------------
# Vivado v2019.1 (64-bit)
# SW Build 2552052 on Fri May 24 14:49:42 MDT 2019
# IP Build 2548770 on Fri May 24 18:01:18 MDT 2019
# Start of session at: Wed Dec 29 15:32:49 2021
# Process ID: 3708
# Current directory: D:/IIITD/ELD_LABs/LAB_11/PS_PL_8FTT
# Command line: vivado.exe -gui_launcher_event rodinguilauncherevent12240 D:\IIITD\ELD_LABs\LAB_11\PS_PL_8FTT\PS_PL_8FTT.xpr
# Log file: D:/IIITD/ELD_LABs/LAB_11/PS_PL_8FTT/vivado.log
# Journal file: D:/IIITD/ELD_LABs/LAB_11/PS_PL_8FTT\vivado.jou
#-----------------------------------------------------------
start_gui
open_project D:/IIITD/ELD_LABs/LAB_11/PS_PL_8FTT/PS_PL_8FTT.xpr
update_compile_order -fileset sources_1
launch_sdk -workspace D:/IIITD/ELD_LABs/LAB_11/PS_PL_8FTT/PS_PL_8FTT.sdk -hwspec D:/IIITD/ELD_LABs/LAB_11/PS_PL_8FTT/PS_PL_8FTT.sdk/design_1_wrapper.hdf
launch_sdk -workspace D:/IIITD/ELD_LABs/LAB_11/PS_PL_8FTT/PS_PL_8FTT.sdk -hwspec D:/IIITD/ELD_LABs/LAB_11/PS_PL_8FTT/PS_PL_8FTT.sdk/design_1_wrapper.hdf
